 
****************************************
Report : qor
Design : attention_accel_top
Version: V-2023.12-SP5
Date   : Thu Jul 30 16:13:07 2026
****************************************


  Timing Path Group 'core_clk'
  -----------------------------------
  Levels of Logic:              57.00
  Critical Path Length:          1.49
  Critical Path Slack:           0.00
  Critical Path Clk Period:      1.60
  Total Negative Slack:          0.00
  No. of Violating Paths:        0.00
  Worst Hold Violation:         -0.10
  Total Hold Violation:       -403.42
  No. of Hold Violations:     5939.00
  -----------------------------------


  Cell Count
  -----------------------------------
  Hierarchical Cell Count:         45
  Hierarchical Port Count:      19635
  Leaf Cell Count:            1518837
  Buf/Inv Cell Count:          250507
  Buf Cell Count:               11685
  Inv Cell Count:              238822
  CT Buf/Inv Cell Count:            0
  Combinational Cell Count:   1276428
  Sequential Cell Count:       242409
  Macro Count:                    480
  -----------------------------------


  Area
  -----------------------------------
  Combinational Area:  1159339.929523
  Noncombinational Area:
                        619988.538492
  Buf/Inv Area:          86153.591013
  Total Buffer Area:          5900.16
  Total Inverter Area:       80253.43
  Macro/Black Box Area: 656746.699219
  Net Area:                  0.000000
  -----------------------------------
  Cell Area:           2436075.167234
  Design Area:         2436075.167234


  Design Rules
  -----------------------------------
  Total Number of Nets:       1616688
  Nets With Violations:             1
  Max Trans Violations:             0
  Max Cap Violations:               0
  Max Fanout Violations:            1
  -----------------------------------


  Hostname: edaserver

  Compile CPU Statistics
  -----------------------------------------
  Resource Sharing:                  485.21
  Logic Optimization:               5225.77
  Mapping Optimization:            23453.23
  -----------------------------------------
  Overall Compile Time:            48871.92
  Overall Compile Wall Clock Time:  5019.49

  --------------------------------------------------------------------

  Design  WNS: 0.00  TNS: 0.00  Number of Violating Paths: 0


  Design (Hold)  WNS: 0.10  TNS: 403.42  Number of Violating Paths: 5939

  --------------------------------------------------------------------


1
