top=attention_accel_top
corner=tt
clock_period_ns=1.6
standard_cell_db=/data/public/STD/tcbn28hpcplusbwp12t30p140_190a/tcbn28hpcplusbwp12t30p140_180a_ccs/TSMCHOME/digital/Front_End/timing_power_noise/CCS/tcbn28hpcplusbwp12t30p140_180a/tcbn28hpcplusbwp12t30p140tt0p9v25c_ccs.db
sram_db=/data/workspaces/zhangcheng/flash_attention/asic/dc/work/lib/uhdsp_256x8m4s_tt0p9v25c.db
sram_macro_count=480
expected_top_sram_macros=480
physical_aware=0
write_artifacts=1
designware_library=dw_foundation.sldb
multiplier_wrapper_count=1220
linked_dw02_mult_count=1220
logical_hold_repair=0
clock_gating=none
expected_top_rtl_icgs=0
rtl_icg_count=0
automatic_clock_gating=0
automatic_clock_gating_whitelist_count=0
preserved_clear_replica_instances=16
FA_GIT_COMMIT=b908a8a5821f71dfcab055c024284d0819522d27
FA_GIT_STATUS_HASH=6fb412d4b16c3322f994f730ce5106b416b45d8e94296f4400651f4ae4545279
FA_RTL_HASH=31277b9c9358260e12d6eddc0824003bca6f089ce56c096faac429279d43f4ff
FA_STD_DB_HASH=131dd2539d97a0e29885fc22921319c6b159183d9d52453fcdcc614731e6a240
FA_SRAM_DB_HASH=1ee3182bf1ba02ef2b0e988fd3c6b2579fa5ac40d501899594639836feecc67b
FA_SETUP_UNCERTAINTY=0.100
FA_HOLD_UNCERTAINTY=0.020
FA_CLOCK_TRANSITION=0.050
FA_INPUT_DELAY=0.200
FA_OUTPUT_DELAY=0.200
FA_INPUT_TRANSITION=0.050
FA_OUTPUT_LOAD=0.020
FA_MAX_TRANSITION=0.300
FA_MAX_FANOUT=24
