Copyright 1986-2022 Xilinx, Inc. All Rights Reserved. Copyright 2022-2023 Advanced Micro Devices, Inc. All Rights Reserved.
---------------------------------------------------------------------------------------------------------------------------------------------
| Tool Version : Vivado v.2023.1 (lin64) Build 3865809 Sun May  7 15:04:56 MDT 2023
| Date         : Thu Jul 30 16:10:13 2026
| Host         : xidianhyy-HP-Pro-Tower-ZHAN-99-G9-Desktop-PC running 64-bit Ubuntu 20.04.6 LTS
| Command      : report_methodology -file /home/project/zhangcheng/DIT-FA/fpga/vivado/build/reports/post_route_methodology.rpt
| Design       : system_wrapper
| Device       : xcvc1902-vsva2197-2MP-e-S
| Speed File   : -2MP
| Design State : Fully Routed
---------------------------------------------------------------------------------------------------------------------------------------------

Report Methodology

Table of Contents
-----------------
1. REPORT SUMMARY
2. REPORT DETAILS

1. REPORT SUMMARY
-----------------
            Netlist: netlist
          Floorplan: impl_1
      Design limits: <entire design considered>
             Max violations: <unlimited>
             Violations found: 3
+----------+----------+--------------------------------------------+------------+
| Rule     | Severity | Description                                | Violations |
+----------+----------+--------------------------------------------+------------+
| AVAL-344 | Warning  | Design_needs_USER_RAM_AVERAGE_ACTIVITY_set | 1          |
| CLKC-75  | Advisory | MMCME5 with global clock driver has no LOC | 1          |
| CLKC-81  | Advisory | XPLL CLKOUT with phase shift drives no IOs | 1          |
+----------+----------+--------------------------------------------+------------+

2. REPORT DETAILS
-----------------
AVAL-344#1 Warning
Design_needs_USER_RAM_AVERAGE_ACTIVITY_set  
The design property USER_RAM_AVERAGE_ACTIVITY on the top-level current_design object is unset (or set to -1).  The estimated RAM_AVERAGE_ACTIVITY used for the design is 18 and assumes a worst-case switching scenario for the URAM and BRAM.  RAM activity directly impacts clock uncertainty and the RAM_AVERAGE_ACTIVITY property may not be accurate for designs that are not final.  It is recommended that the USER_RAM_AVERAGE_ACTIVITY property be specified.  Please refer to the Versal ACAP Clocking Resources Architecture Manual and the Versal ACAP Hardware, IP, and Platform Development Methodology User Guide for more information on specifying the USER_RAM_AVERAGE_ACTIVITY.
Related violations: <none>

CLKC-75#1 Advisory
MMCME5 with global clock driver has no LOC  
The MMCME5 cell system_i/pl_clock_wizard/inst/clock_primitive_inst/MMCME5_inst CLKIN1 or CLKIN2 pin is driven by global Clock buffer(s) system_i/versal_cips_0/inst/pspmc_0/inst/buffer_pl_clk_0.PL_CLK_0_BUFG and does not have a LOC constraint. It is recommended to LOC the MMCM and use the CLOCK_DEDICATED_ROUTE constraint on the net(s) driven by the global Clock buffer(s).
Related violations: <none>

CLKC-81#1 Advisory
XPLL CLKOUT with phase shift drives no IOs  
The XPLL cell system_i/axi_noc_0/inst/MC0_ddrc/inst/noc_ddr4_phy/inst/u_xpll0_bank1 has non-zero CLKOUT1_PHASE phase-shift for CLKOUT1, but that clock output does not drive an I/O. Using a phase-shift is not a recommended method for internal paths timing closure and it also uses more power.
Related violations: <none>


