Copyright 1986-2022 Xilinx, Inc. All Rights Reserved. Copyright 2022-2023 Advanced Micro Devices, Inc. All Rights Reserved.
---------------------------------------------------------------------------------------------------------------------------------------------
| Tool Version : Vivado v.2023.1 (lin64) Build 3865809 Sun May  7 15:04:56 MDT 2023
| Date         : Thu Jul 30 14:34:49 2026
| Host         : xidianhyy-HP-Pro-Tower-ZHAN-99-G9-Desktop-PC running 64-bit Ubuntu 20.04.6 LTS
| Command      : report_utilization -file /home/project/zhangcheng/DIT-FA/fpga/vivado/build/reports/post_synth_utilization.rpt
| Design       : system_wrapper
| Device       : xcvc1902-vsva2197-2MP-e-S
| Speed File   : -2MP
| Design State : Synthesized
---------------------------------------------------------------------------------------------------------------------------------------------

Utilization Design Information

Table of Contents
-----------------
1. Netlist Logic
2. BLOCKRAM
3. ARITHMETIC
4. I/O
5. CLOCK
6. NOC Interfaces
7. AI Engines
8. ADVANCED
9. Primitives
10. Black Boxes
11. Instantiated Netlists

1. Netlist Logic
----------------

+----------------------------+--------+-------+------------+-----------+-------+
|          Site Type         |  Used  | Fixed | Prohibited | Available | Util% |
+----------------------------+--------+-------+------------+-----------+-------+
| Registers                  | 297276 |     0 |          0 |   1799680 | 16.52 |
|   Register as Flip Flop    | 297276 |     0 |          0 |   1799680 | 16.52 |
|   Register as Latch        |      0 |     0 |          0 |   1799680 |  0.00 |
| CLB LUTs*                  | 290752 |     0 |          0 |    899840 | 32.31 |
|   LUT as Logic             | 290636 |     0 |          0 |    899840 | 32.30 |
|   LUT as Memory            |    116 |     0 |          0 |    449920 |  0.03 |
|     LUT as Distributed RAM |      0 |     0 |            |           |       |
|     LUT as Shift Register  |    116 |     0 |            |           |       |
|       Variable Length      |     32 |     0 |            |           |       |
|       Fixed Length         |     84 |     0 |            |           |       |
| LOOKAHEAD8                 |  13555 |     0 |          0 |    112480 | 12.05 |
+----------------------------+--------+-------+------------+-----------+-------+
* Warning! The Final LUT count, after physical optimizations and full implementation, is typically lower. Run opt_design after synthesis, if not already completed, for a more realistic count.
Warning! LUT value is adjusted to account for LUT combining.


2. BLOCKRAM
-----------

+--------------------------+------+-------+------------+-----------+-------+
|         Site Type        | Used | Fixed | Prohibited | Available | Util% |
+--------------------------+------+-------+------------+-----------+-------+
| Block RAM Tile           |  6.5 |     0 |          0 |       967 |  0.67 |
|   RAMB36E5               |    6 |     0 |          0 |       967 |  0.62 |
|   RAMB18E5*              |    1 |     0 |          0 |      1934 |  0.05 |
| Block RAM Imux registers |    0 |     0 |            |           |       |
|   Pipelining             |    0 |       |            |           |       |
| URAM                     |   96 |     0 |          0 |       463 | 20.73 |
| URAM Imux registers      |    0 |     0 |            |           |       |
|   Pipelining             |    0 |       |            |           |       |
+--------------------------+------+-------+------------+-----------+-------+
* Note: Each RAMB18 is counted as 0.5 Block RAM tiles


3. ARITHMETIC
-------------

+--------------------+------+-------+------------+-----------+-------+
|      Site Type     | Used | Fixed | Prohibited | Available | Util% |
+--------------------+------+-------+------------+-----------+-------+
| DSP Slices         | 1220 |     0 |          0 |      1968 | 61.99 |
|   DSP58            | 1220 |     0 |            |           |       |
|   DSPCPLX          |    0 |     0 |            |           |       |
|   DSPFP32          |    0 |     0 |            |           |       |
|   DSP48E5          |    0 |     0 |            |           |       |
| DSP Imux registers |    0 |     0 |            |           |       |
|   Pipelining       |    0 |       |            |           |       |
+--------------------+------+-------+------------+-----------+-------+


4. I/O
------

+------------------------------+------+-------+------------+-----------+-------+
|           Site Type          | Used | Fixed | Prohibited | Available | Util% |
+------------------------------+------+-------+------------+-----------+-------+
| Bonded IOB                   |  118 |   118 |          0 |       692 | 17.05 |
|   XPIO IOB                   |  118 |   118 |          0 |       648 | 18.21 |
|     INPUT                    |    2 |       |            |           |       |
|     OUTPUT                   |   28 |       |            |           |       |
|     BIDIR                    |   88 |       |            |           |       |
| IDELAY                       |    0 |     0 |            |           |       |
| ODELAY                       |    0 |     0 |            |           |       |
| Input Registers              |    0 |     0 |            |           |       |
|   IDDR                       |    0 |     0 |            |           |       |
|   Single Data Rate Registers |    0 |     0 |            |           |       |
| Output Registers             |    0 |     0 |            |           |       |
|   ODDR                       |    0 |     0 |            |           |       |
|   Single Data Rate Registers |    0 |     0 |            |           |       |
| Output Tristate Registers    |    0 |     0 |            |           |       |
|   ODDR                       |    0 |     0 |            |           |       |
|   Single Data Rate Registers |    0 |     0 |            |           |       |
+------------------------------+------+-------+------------+-----------+-------+


5. CLOCK
--------

+--------------------------+------+-------+------------+-----------+-------+
|         Site Type        | Used | Fixed | Prohibited | Available | Util% |
+--------------------------+------+-------+------------+-----------+-------+
| GLOBAL CLOCK BUFFERs     |    6 |     0 |          0 |       980 |  0.61 |
|   BUFGCE_DIV/MBUFGCE_DIV |    0 |     0 |          0 |        40 |  0.00 |
|   BUFG_PS/MBUFG_PS       |    5 |     0 |          0 |        12 | 41.67 |
|   BUFG_GT/MBUFG_GT       |    0 |     0 |          0 |       168 |  0.00 |
|   BUFGCE/MBUFGCE         |    1 |     0 |          0 |       296 |  0.34 |
|   BUFGCTRL/MBUFGCTRL*    |    0 |     0 |          0 |        80 |  0.00 |
|   BUFG_FABRIC            |    0 |     0 |          0 |       384 |  0.00 |
| DPLL                     |    0 |     0 |          0 |        23 |  0.00 |
| XPLL                     |    3 |     0 |          0 |        24 | 12.50 |
| MMCM                     |    1 |     0 |          0 |        12 |  8.33 |
+--------------------------+------+-------+------------+-----------+-------+
* Note: Each used BUFGCTRL/MBUFGCTRL counts as two GLOBAL CLOCK BUFFERs. This table does not include global clocking resources, only buffer cell usage. See the Clock Utilization Report (report_clock_utilization) for detailed accounting of global clocking resource availability.


6. NOC Interfaces
-----------------

+---------------------------+------+-------+------------+-----------+-------+
|         Site Type         | Used | Fixed | Prohibited | Available | Util% |
+---------------------------+------+-------+------------+-----------+-------+
| PL NOC Master Unit        |    2 |     0 |          0 |        28 |  7.14 |
| PL NOC Slave Unit         |    1 |     0 |          0 |        28 |  3.57 |
| PS NOC Master Unit        |    6 |     0 |          0 |        10 | 60.00 |
| PS NOC Slave Unit         |    0 |     0 |          0 |         6 |  0.00 |
| AI Engine NOC Master Unit |    0 |     0 |          0 |        16 |  0.00 |
| AI Engine NOC Slave Unit  |    0 |     0 |          0 |        16 |  0.00 |
+---------------------------+------+-------+------------+-----------+-------+


7. AI Engines
-------------

+------------+------+-------+------------+-----------+-------+
|  Site Type | Used | Fixed | Prohibited | Available | Util% |
+------------+------+-------+------------+-----------+-------+
| AI Engines |    0 |     0 |          0 |       400 |  0.00 |
| PL Master  |    0 |     0 |          0 |       234 |  0.00 |
| PL Slave   |    0 |     0 |          0 |       312 |  0.00 |
| NOC Master |    0 |     0 |          0 |        16 |  0.00 |
| NOC Slave  |    0 |     0 |          0 |        16 |  0.00 |
+------------+------+-------+------------+-----------+-------+


8. ADVANCED
-----------

+--------------------+------+-------+------------+-----------+--------+
|      Site Type     | Used | Fixed | Prohibited | Available |  Util% |
+--------------------+------+-------+------------+-----------+--------+
| CPM_EXT            |    0 |     0 |          0 |         1 |   0.00 |
| CPM_MAIN           |    0 |     0 |          0 |         1 |   0.00 |
| DDRMC              |    1 |     0 |          0 |         4 |  25.00 |
| DDRMC_RIU          |    1 |     0 |          0 |         4 |  25.00 |
| GTYE5_QUAD         |    0 |     0 |          0 |        11 |   0.00 |
| MRMAC              |    0 |     0 |          0 |         4 |   0.00 |
| NPI_NIR            |    0 |     0 |          0 |         1 |   0.00 |
| OBUFDS_GTE5        |    0 |     0 |          0 |        22 |   0.00 |
| OBUFDS_GTE5_ADV    |    0 |     0 |          0 |        22 |   0.00 |
| OBUFTDS_COMP       |    0 |     0 |          0 |       324 |   0.00 |
| PCIE40E5           |    0 |     0 |          0 |         4 |   0.00 |
| PS9                |    1 |     1 |          0 |         1 | 100.00 |
| XPIPE_QUAD         |    0 |     0 |          0 |         4 |   0.00 |
| BLI Registers      |    0 |     0 |          0 |     88264 |   0.00 |
| BLI Imux Registers |    0 |     0 |            |           |        |
|   Pipelining       |    0 |     0 |            |           |        |
+--------------------+------+-------+------------+-----------+--------+


9. Primitives
-------------

+--------------+--------+---------------------+
|   Ref Name   |  Used  | Functional Category |
+--------------+--------+---------------------+
| FDRE         | 277154 |            Register |
| LUTCY2       | 107462 |                 CLB |
| LUTCY1       | 107462 |                 CLB |
| LUT6         |  78561 |                 CLB |
| LUT3         |  66163 |                 CLB |
| LUT5         |  53961 |                 CLB |
| LUT4         |  53815 |                 CLB |
| FDCE         |  19538 |            Register |
| LOOKAHEAD8   |  13555 |                 CLB |
| LUT2         |   9749 |                 CLB |
| DSP58        |   1220 |          Arithmetic |
| FDSE         |    567 |            Register |
| LUT1         |    264 |                 CLB |
| SRL16E       |    116 |                 CLB |
| URAM288E5    |     96 |            BLOCKRAM |
| IOBUF        |     72 |                 I/O |
| OBUF         |     26 |                 I/O |
| XPHY         |     23 |                 I/O |
| FDPE         |     17 |            Register |
| XPIO_VREF    |     16 |                 I/O |
| IOBUFDS      |      8 |                 I/O |
| RAMB36E5_INT |      6 |            BLOCKRAM |
| NOC_NMU128   |      6 |            Advanced |
| BUFG_PS      |      5 |               Clock |
| XPLL         |      3 |               Clock |
| NOC_NMU512   |      2 |            Advanced |
| RAMB18E5_INT |      1 |            BLOCKRAM |
| PS9          |      1 |            Advanced |
| OBUFDS       |      1 |                 I/O |
| NOC_NSU512   |      1 |            Advanced |
| MMCME5       |      1 |               Clock |
| IBUFDS       |      1 |                 I/O |
| DDRMC_RIU    |      1 |            Advanced |
| DDRMC        |      1 |            Advanced |
| BUFGCE       |      1 |               Clock |
+--------------+--------+---------------------+


10. Black Boxes
---------------

+----------+------+
| Ref Name | Used |
+----------+------+


11. Instantiated Netlists
-------------------------

+--------------------------+------+
|         Ref Name         | Used |
+--------------------------+------+
| system_pl_reset_0        |    1 |
| system_pl_clock_wizard_0 |    1 |
| system_control_smc_0     |    1 |
| system_axi_noc_0_0       |    1 |
| system_axi_dma_0_0       |    1 |
| system_attention_0_0     |    1 |
+--------------------------+------+


